warning: unused import: `Context`
  --> crates/pms-server/src/api.rs:14:14
   |
14 | use anyhow::{Context, Result};
   |              ^^^^^^^
   |
   = note: `#[warn(unused_imports)]` (part of `#[warn(unused)]`) on by default

warning: unused variable: `was_inflight`
   --> crates/pms-server/src/server.rs:954:17
    |
954 |             let was_inflight = {
    |                 ^^^^^^^^^^^^ help: if this is intentional, prefix it with an underscore: `_was_inflight`
    |
    = note: `#[warn(unused_variables)]` (part of `#[warn(unused)]`) on by default

warning: `pms-server` (lib) generated 2 warnings (run `cargo fix --lib -p pms-server` to apply 1 suggestion)
warning: unused import: `TlsConfig`
 --> crates/pms-server/tests/local_stress.rs:2:60
  |
2 | use pms_config::{Auth, Network, NetworkMode, ServerConfig, TlsConfig};
  |                                                            ^^^^^^^^^
  |
  = note: `#[warn(unused_imports)]` (part of `#[warn(unused)]`) on by default

warning: unused variable: `fee_addr`
   --> crates/pms-server/tests/local_stress.rs:454:5
    |
454 |     fee_addr: &str,
    |     ^^^^^^^^ help: if this is intentional, prefix it with an underscore: `_fee_addr`
    |
    = note: `#[warn(unused_variables)]` (part of `#[warn(unused)]`) on by default

warning: unused variable: `nodes`
   --> crates/pms-server/tests/local_stress.rs:138:9
    |
138 |     let nodes = vec![url1.clone(), url2.clone(), url3.clone()];
    |         ^^^^^ help: if this is intentional, prefix it with an underscore: `_nodes`

warning: function `get_block_count_metric` is never used
   --> crates/pms-server/tests/local_stress.rs:629:10
    |
629 | async fn get_block_count_metric(client: &Client, base_url: &str) ->...
    |          ^^^^^^^^^^^^^^^^^^^^^^
    |
    = note: `#[warn(dead_code)]` (part of `#[warn(unused)]`) on by default

warning: `pms-server` (test "local_stress") generated 4 warnings (run `cargo fix --test "local_stress"` to apply 1 suggestion)
    Finished `test` profile [unoptimized + debuginfo] target(s) in 0.12s
     Running tests/local_stress.rs (target/debug/deps/local_stress-63e3e37bfff19d56)

running 1 test
🚀 Starting Local Stress Test (3 Nodes)
[rocks] init at /var/folders/z9/d5r3_5fx7jz_my97vmv8d_j80000gn/T/.tmpnyg4Wr
[config] ⚠ TLS files not found for mode Dev, check ignoré (non-prod)
[config] ⚠ TLS files not found for mode Dev, check ignoré (non-prod)
[CoreAdapter] Bootstrapped UTXO set: 0 unspent outputs
[2m2026-01-02T16:23:26.266741Z[0m [32m INFO[0m [2mpms_server::server[0m[2m:[0m stats_ptr run() [3mtarget[0m[2m=[0m"pms_stats" [3mptr[0m[2m=[0m0x151e53e00
[P2P] aucun TLS configuré → listen(127.0.0.1:40000)
[config] ⚠ TLS files not found for mode Dev, check ignoré (non-prod)
[rocks] background maintenance started (flush=600s, compact=3600s, stats=1800s, checkpoint=86400s, backup_root=./backups/pms)
[rocks][stats]

** Compaction Stats [default] **
Level    Files   Size     Score Read(GB)  Rn(GB) Rnp1(GB) Write(GB) WPreComp(GB) Wnew(GB) Moved(GB) W-Amp Rd(MB/s) Wr(MB/s) Comp(sec) CompMergeCPU(sec) Comp(cnt) Avg(sec) KeyIn KeyDrop Rblob(GB) Wblob(GB)
-------------------------------------------------------------------------------------------------------------------------------------------------------------------------------------------------------------
 Sum      0/0      0.00 KB   0.0      0.0     0.0      0.0       0.0       0.0      0.0       0.0   0.0      0.0      0.0      0.00              0.00         0    0.000       0      0       0.0       0.0
 Int      0/0      0.00 KB   0.0      0.0     0.0      0.0       0.0       0.0      0.0       0.0   0.0      0.0      0.0      0.00              0.00         0    0.000       0      0       0.0       0.0

** Compaction Stats [default] **
Priority    Files   Size     Score Read(GB)  Rn(GB) Rnp1(GB) Write(GB) WPreComp(GB) Wnew(GB) Moved(GB) W-Amp Rd(MB/s) Wr(MB/s) Comp(sec) CompMergeCPU(sec) Comp(cnt) Avg(sec) KeyIn KeyDrop Rblob(GB) Wblob(GB)
----------------------------------------------------------------------------------------------------------------------------------------------------------------------------------------------------------------

Blob file count: 0, total size: 0.0 GB, garbage size: 0.0 GB, space amp: 0.0

Uptime(secs): 0.2 total, 0.2 interval
Flush(GB): cumulative 0.000, interval 0.000
AddFile(GB): cumulative 0.000, interval 0.000
AddFile(Total Files): cumulative 0, interval 0
AddFile(L0 Files): cumulative 0, interval 0
AddFile(Keys): cumulative 0, interval 0
Cumulative compaction: 0.00 GB write, 0.00 MB/s write, 0.00 GB read, 0.00 MB/s read, 0.0 seconds
Interval compaction: 0.00 GB write, 0.00 MB/s write, 0.00 GB read, 0.00 MB/s read, 0.0 seconds
Estimated pending compaction bytes: 0
Write Stall (count): cf-l0-file-count-limit-delays-with-ongoing-compaction: 0, cf-l0-file-count-limit-stops-with-ongoing-compaction: 0, l0-file-count-limit-delays: 0, l0-file-count-limit-stops: 0, memtable-limit-delays: 0, memtable-limit-stops: 0, pending-compaction-bytes-delays: 0, pending-compaction-bytes-stops: 0, total-delays: 0, total-stops: 0
Block cache LRUCache@0x151f0bf08#18360 capacity: 32.00 MB seed: 1671456209 usage: 0.08 KB table_size: 1024 occupancy: 1 collections: 1 last_copies: 0 last_secs: 8.7e-05 secs_since: 0
Block cache entry stats(count,size,portion): Misc(1,0.00 KB,0%)

** File Read Latency Histogram By Level [default] **

** DB Stats **
Uptime(secs): 0.2 total, 0.2 interval
Cumulative writes: 5 writes, 9 keys, 5 commit groups, 1.0 writes per commit group, ingest: 0.00 GB, 0.00 MB/s
Cumulative WAL: 5 writes, 0 syncs, 5.00 writes per sync, written: 0.00 GB, 0.00 MB/s
Cumulative stall: 00:00:0.000 H:M:S, 0.0 percent
Interval writes: 0 writes, 0 keys, 0 commit groups, 0.0 writes per commit group, ingest: 0.00 MB, 0.00 MB/s
Interval WAL: 0 writes, 0 syncs, 0.00 writes per sync, written: 0.00 GB, 0.00 MB/s
Interval stall: 00:00:0.000 H:M:S, 0.0 percent
Write Stall (count): write-buffer-manager-limit-stops: 0

[rocks][levelstats]
Level Files Size(MB)
--------------------
  0        0        0
  1        0        0
  2        0        0
  3        0        0
  4        0        0
  5        0        0
  6        0        0

[rocks] checkpoint created at ./backups/pms/rocks-20260102-162326
[rocks] rotate_checkpoints: trouvés 8 checkpoints dans ./backups/pms
[rocks] rotate_checkpoints: suppression des 1 plus anciens (on gardera 7)
[rocks] deleting old checkpoint: ./backups/pms/rocks-20260102-152143
[rocks] compact_all: compaction triggered on all CFs
[rocks] init at /var/folders/z9/d5r3_5fx7jz_my97vmv8d_j80000gn/T/.tmpLQo4Sz
[config] ⚠ TLS files not found for mode Dev, check ignoré (non-prod)
[config] ⚠ TLS files not found for mode Dev, check ignoré (non-prod)
[CoreAdapter] Bootstrapped UTXO set: 0 unspent outputs
[2m2026-01-02T16:23:26.600060Z[0m [32m INFO[0m [2mpms_server::server[0m[2m:[0m stats_ptr run() [3mtarget[0m[2m=[0m"pms_stats" [3mptr[0m[2m=[0m0x153a0c290
[P2P] aucun TLS configuré → listen(127.0.0.1:40001)
[config] ⚠ TLS files not found for mode Dev, check ignoré (non-prod)
[rocks] background maintenance started (flush=600s, compact=3600s, stats=1800s, checkpoint=86400s, backup_root=./backups/pms)
[rocks][stats]

** Compaction Stats [default] **
Level    Files   Size     Score Read(GB)  Rn(GB) Rnp1(GB) Write(GB) WPreComp(GB) Wnew(GB) Moved(GB) W-Amp Rd(MB/s) Wr(MB/s) Comp(sec) CompMergeCPU(sec) Comp(cnt) Avg(sec) KeyIn KeyDrop Rblob(GB) Wblob(GB)
-------------------------------------------------------------------------------------------------------------------------------------------------------------------------------------------------------------
 Sum      0/0      0.00 KB   0.0      0.0     0.0      0.0       0.0       0.0      0.0       0.0   0.0      0.0      0.0      0.00              0.00         0    0.000       0      0       0.0       0.0
 Int      0/0      0.00 KB   0.0      0.0     0.0      0.0       0.0       0.0      0.0       0.0   0.0      0.0      0.0      0.00              0.00         0    0.000       0      0       0.0       0.0

** Compaction Stats [default] **
Priority    Files   Size     Score Read(GB)  Rn(GB) Rnp1(GB) Write(GB) WPreComp(GB) Wnew(GB) Moved(GB) W-Amp Rd(MB/s) Wr(MB/s) Comp(sec) CompMergeCPU(sec) Comp(cnt) Avg(sec) KeyIn KeyDrop Rblob(GB) Wblob(GB)
----------------------------------------------------------------------------------------------------------------------------------------------------------------------------------------------------------------

Blob file count: 0, total size: 0.0 GB, garbage size: 0.0 GB, space amp: 0.0

Uptime(secs): 0.0 total, 0.0 interval
Flush(GB): cumulative 0.000, interval 0.000
AddFile(GB): cumulative 0.000, interval 0.000
AddFile(Total Files): cumulative 0, interval 0
AddFile(L0 Files): cumulative 0, interval 0
AddFile(Keys): cumulative 0, interval 0
Cumulative compaction: 0.00 GB write, 0.00 MB/s write, 0.00 GB read, 0.00 MB/s read, 0.0 seconds
Interval compaction: 0.00 GB write, 0.00 MB/s write, 0.00 GB read, 0.00 MB/s read, 0.0 seconds
Estimated pending compaction bytes: 0
Write Stall (count): cf-l0-file-count-limit-delays-with-ongoing-compaction: 0, cf-l0-file-count-limit-stops-with-ongoing-compaction: 0, l0-file-count-limit-delays: 0, l0-file-count-limit-stops: 0, memtable-limit-delays: 0, memtable-limit-stops: 0, pending-compaction-bytes-delays: 0, pending-compaction-bytes-stops: 0, total-delays: 0, total-stops: 0

** File Read Latency Histogram By Level [default] **

** DB Stats **
Uptime(secs): 0.0 total, 0.0 interval
Cumulative writes: 5 writes, 9 keys, 5 commit groups, 1.0 writes per commit group, ingest: 0.00 GB, 0.02 MB/s
Cumulative WAL: 5 writes, 0 syncs, 5.00 writes per sync, written: 0.00 GB, 0.02 MB/s
Cumulative stall: 00:00:0.000 H:M:S, 0.0 percent
Interval writes: 5 writes, 9 keys, 5 commit groups, 1.0 writes per commit group, ingest: 0.00 MB, 0.02 MB/s
Interval WAL: 5 writes, 0 syncs, 5.00 writes per sync, written: 0.00 GB, 0.02 MB/s
Interval stall: 00:00:0.000 H:M:S, 0.0 percent
Write Stall (count): write-buffer-manager-limit-stops: 0

[rocks][levelstats]
Level Files Size(MB)
--------------------
  0        0        0
  1        0        0
  2        0        0
  3        0        0
  4        0        0
  5        0        0
  6        0        0

[rocks] compact_all: compaction triggered on all CFs
[rocks] create_checkpoint failed: create_checkpoint(./backups/pms/rocks-20260102-162326): Invalid argument: Directory exists
[rocks] init at /var/folders/z9/d5r3_5fx7jz_my97vmv8d_j80000gn/T/.tmp5jU67k
[config] ⚠ TLS files not found for mode Dev, check ignoré (non-prod)
[config] ⚠ TLS files not found for mode Dev, check ignoré (non-prod)
[CoreAdapter] Bootstrapped UTXO set: 0 unspent outputs
[2m2026-01-02T16:23:26.737381Z[0m [32m INFO[0m [2mpms_server::server[0m[2m:[0m stats_ptr run() [3mtarget[0m[2m=[0m"pms_stats" [3mptr[0m[2m=[0m0x122b07700
[P2P] aucun TLS configuré → listen(127.0.0.1:40002)
[config] ⚠ TLS files not found for mode Dev, check ignoré (non-prod)
[rocks] background maintenance started (flush=600s, compact=3600s, stats=1800s, checkpoint=86400s, backup_root=./backups/pms)
[rocks] create_checkpoint failed: create_checkpoint(./backups/pms/rocks-20260102-162326): Invalid argument: Directory exists
[rocks] compact_all: compaction triggered on all CFs
[rocks][stats]

** Compaction Stats [default] **
Level    Files   Size     Score Read(GB)  Rn(GB) Rnp1(GB) Write(GB) WPreComp(GB) Wnew(GB) Moved(GB) W-Amp Rd(MB/s) Wr(MB/s) Comp(sec) CompMergeCPU(sec) Comp(cnt) Avg(sec) KeyIn KeyDrop Rblob(GB) Wblob(GB)
-------------------------------------------------------------------------------------------------------------------------------------------------------------------------------------------------------------
 Sum      0/0      0.00 KB   0.0      0.0     0.0      0.0       0.0       0.0      0.0       0.0   0.0      0.0      0.0      0.00              0.00         0    0.000       0      0       0.0       0.0
 Int      0/0      0.00 KB   0.0      0.0     0.0      0.0       0.0       0.0      0.0       0.0   0.0      0.0      0.0      0.00              0.00         0    0.000       0      0       0.0       0.0

** Compaction Stats [default] **
Priority    Files   Size     Score Read(GB)  Rn(GB) Rnp1(GB) Write(GB) WPreComp(GB) Wnew(GB) Moved(GB) W-Amp Rd(MB/s) Wr(MB/s) Comp(sec) CompMergeCPU(sec) Comp(cnt) Avg(sec) KeyIn KeyDrop Rblob(GB) Wblob(GB)
----------------------------------------------------------------------------------------------------------------------------------------------------------------------------------------------------------------

Blob file count: 0, total size: 0.0 GB, garbage size: 0.0 GB, space amp: 0.0

Uptime(secs): 0.0 total, 0.0 interval
Flush(GB): cumulative 0.000, interval 0.000
AddFile(GB): cumulative 0.000, interval 0.000
AddFile(Total Files): cumulative 0, interval 0
AddFile(L0 Files): cumulative 0, interval 0
AddFile(Keys): cumulative 0, interval 0
Cumulative compaction: 0.00 GB write, 0.00 MB/s write, 0.00 GB read, 0.00 MB/s read, 0.0 seconds
Interval compaction: 0.00 GB write, 0.00 MB/s write, 0.00 GB read, 0.00 MB/s read, 0.0 seconds
Estimated pending compaction bytes: 0
Write Stall (count): cf-l0-file-count-limit-delays-with-ongoing-compaction: 0, cf-l0-file-count-limit-stops-with-ongoing-compaction: 0, l0-file-count-limit-delays: 0, l0-file-count-limit-stops: 0, memtable-limit-delays: 0, memtable-limit-stops: 0, pending-compaction-bytes-delays: 0, pending-compaction-bytes-stops: 0, total-delays: 0, total-stops: 0

** File Read Latency Histogram By Level [default] **

** DB Stats **
Uptime(secs): 0.0 total, 0.0 interval
Cumulative writes: 5 writes, 9 keys, 5 commit groups, 1.0 writes per commit group, ingest: 0.00 GB, 0.02 MB/s
Cumulative WAL: 5 writes, 0 syncs, 5.00 writes per sync, written: 0.00 GB, 0.02 MB/s
Cumulative stall: 00:00:0.000 H:M:S, 0.0 percent
Interval writes: 5 writes, 9 keys, 5 commit groups, 1.0 writes per commit group, ingest: 0.00 MB, 0.02 MB/s
Interval WAL: 5 writes, 0 syncs, 5.00 writes per sync, written: 0.00 GB, 0.02 MB/s
Interval stall: 00:00:0.000 H:M:S, 0.0 percent
Write Stall (count): write-buffer-manager-limit-stops: 0

[rocks][levelstats]
Level Files Size(MB)
--------------------
  0        0        0
  1        0        0
  2        0        0
  3        0        0
  4        0        0
  5        0        0
  6        0        0

🔗 Connecting peers...
[2m2026-01-02T16:23:27.002505Z[0m [32m INFO[0m [2mpms_server::server[0m[2m:[0m 📊 200ms: persist ok=0 dup=0 err=0 | gossip ok=0 reject=0 err=0 [3mtarget[0m[2m=[0m"pms_stats" [3mptr[0m[2m=[0m0x153a0c290
[2m2026-01-02T16:23:27.473446Z[0m [32m INFO[0m [2mpms_server::server[0m[2m:[0m 📊 200ms: persist ok=0 dup=0 err=0 | gossip ok=0 reject=0 err=0 [3mtarget[0m[2m=[0m"pms_stats" [3mptr[0m[2m=[0m0x151e53e00
[2m2026-01-02T16:23:28.682221Z[0m [32m INFO[0m [2mpms_server::server[0m[2m:[0m 📊 200ms: persist ok=0 dup=0 err=0 | gossip ok=0 reject=0 err=0 [3mtarget[0m[2m=[0m"pms_stats" [3mptr[0m[2m=[0m0x151e53e00
[2m2026-01-02T16:23:29.418046Z[0m [32m INFO[0m [2mpms_server::server[0m[2m:[0m 📊 200ms: persist ok=0 dup=0 err=0 | gossip ok=0 reject=0 err=0 [3mtarget[0m[2m=[0m"pms_stats" [3mptr[0m[2m=[0m0x153a0c290
[2m2026-01-02T16:23:29.689555Z[0m [32m INFO[0m [2mpms_server::server[0m[2m:[0m 📊 200ms: persist ok=0 dup=0 err=0 | gossip ok=0 reject=0 err=0 [3mtarget[0m[2m=[0m"pms_stats" [3mptr[0m[2m=[0m0x151e53e00
[2m2026-01-02T16:23:30.020956Z[0m [32m INFO[0m [2mpms_server::server[0m[2m:[0m 📊 200ms: persist ok=0 dup=0 err=0 | gossip ok=0 reject=0 err=0 [3mtarget[0m[2m=[0m"pms_stats" [3mptr[0m[2m=[0m0x153a0c290
[2m2026-01-02T16:23:30.825336Z[0m [32m INFO[0m [2mpms_server::server[0m[2m:[0m 📊 200ms: persist ok=0 dup=0 err=0 | gossip ok=0 reject=0 err=0 [3mtarget[0m[2m=[0m"pms_stats" [3mptr[0m[2m=[0m0x153a0c290
💰 Faucet: 8e1kz8sk9as366sf49w58gss0mnwj67lj6n9gr55p3w360z34hjtak2fpk9qd5u0patkvwylw62whur0xs233msj2gls0
💰 Faucet: 8e1kz8sk9a

📦 [Setup] Minting 20,000 PMS on Node 1...
[config] ⚠ TLS files not found for mode Dev, check ignoré (non-prod)
[2m2026-01-02T16:23:31.462625Z[0m [32m INFO[0m [2mpms_core::net_adapter[0m[2m:[0m persist_block timing (µs) [3mtarget[0m[2m=[0m"pms_perf" [3mblock_id[0m[2m=[0m0000e68e2566937e2907b5438e92c5ed33c214305ac5099b20f494a08802a102 [3mparents_us[0m[2m=[0m0 [3mutxo_val_us[0m[2m=[0m0 [3mdag_val_us[0m[2m=[0m0 [3mutxo_ram_us[0m[2m=[0m6 [3mdag_insert_us[0m[2m=[0m17 [3mtotal_us[0m[2m=[0m26
[SRV] enqueue_broadcast called for: 0000e68e
[SRV] enqueue_broadcast: sent to channel OK
[SRV-WORKER] Received ID to broadcast: 0000e68e
   Mint Block: 0000e68e2566937e2907b5438e92c5ed33c214305ac5099b20f494a08802a102
[SRV] Broadcasting Inv batch of 1 ids
[SRV] 127.0.0.1:54160 <- Inv(1 ids)
[SRV] Requesting 0000e68e2566937e2907b5438e92c5ed33c214305ac5099b20f494a08802a102 from 127.0.0.1:54160
[SRV] 127.0.0.1:54159 <- Inv(1 ids)
[SRV] Requesting 0000e68e2566937e2907b5438e92c5ed33c214305ac5099b20f494a08802a102 from 127.0.0.1:54159
[config] ⚠ TLS files not found for mode Dev, check ignoré (non-prod)
[2m2026-01-02T16:23:31.469558Z[0m [32m INFO[0m [2mpms_server::server[0m[2m:[0m Block persisted [3mtarget[0m[2m=[0m"pms_bench" [3mevent[0m[2m=[0m"block_validated" [3mblock_id[0m[2m=[0m0000e68e2566937e2907b5438e92c5ed33c214305ac5099b20f494a08802a102 [3mpersist_ms[0m[2m=[0m1
[config] ⚠ TLS files not found for mode Dev, check ignoré (non-prod)
[2m2026-01-02T16:23:31.470994Z[0m [32m INFO[0m [2mpms_server::server[0m[2m:[0m Block persisted [3mtarget[0m[2m=[0m"pms_bench" [3mevent[0m[2m=[0m"block_validated" [3mblock_id[0m[2m=[0m0000e68e2566937e2907b5438e92c5ed33c214305ac5099b20f494a08802a102 [3mpersist_ms[0m[2m=[0m1
[SRV] 127.0.0.1:54162 <- Inv(1 ids)
[SRV] 127.0.0.1:40002 <- Inv(1 ids)
[SRV] 127.0.0.1:40001 <- Inv(1 ids)
[SRV] 127.0.0.1:54161 <- Inv(1 ids)
[2m2026-01-02T16:23:32.062067Z[0m [32m INFO[0m [2mpms_server::server[0m[2m:[0m 📊 200ms: persist ok=0 dup=0 err=0 | gossip ok=0 reject=0 err=0 [3mtarget[0m[2m=[0m"pms_stats" [3mptr[0m[2m=[0m0x122b07700
[2m2026-01-02T16:23:32.464899Z[0m [32m INFO[0m [2mpms_server::server[0m[2m:[0m 📊 200ms: persist ok=0 dup=0 err=0 | gossip ok=0 reject=0 err=0 [3mtarget[0m[2m=[0m"pms_stats" [3mptr[0m[2m=[0m0x122b07700
[2m2026-01-02T16:23:32.465132Z[0m [32m INFO[0m [2mpms_server::server[0m[2m:[0m 📊 200ms: persist ok=0 dup=0 err=0 | gossip ok=0 reject=0 err=0 [3mtarget[0m[2m=[0m"pms_stats" [3mptr[0m[2m=[0m0x153a0c290
[2m2026-01-02T16:23:32.868652Z[0m [32m INFO[0m [2mpms_server::server[0m[2m:[0m 📊 200ms: persist ok=0 dup=0 err=0 | gossip ok=0 reject=0 err=0 [3mtarget[0m[2m=[0m"pms_stats" [3mptr[0m[2m=[0m0x122b07700
[2m2026-01-02T16:23:33.070348Z[0m [32m INFO[0m [2mpms_server::server[0m[2m:[0m 📊 200ms: persist ok=0 dup=0 err=0 | gossip ok=0 reject=0 err=0 [3mtarget[0m[2m=[0m"pms_stats" [3mptr[0m[2m=[0m0x153a0c290
[2m2026-01-02T16:23:34.075200Z[0m [32m INFO[0m [2mpms_server::server[0m[2m:[0m 📊 200ms: persist ok=0 dup=0 err=0 | gossip ok=0 reject=0 err=0 [3mtarget[0m[2m=[0m"pms_stats" [3mptr[0m[2m=[0m0x122b07700
💸 [Setup] Distributing funds...
[config] ⚠ TLS files not found for mode Dev, check ignoré (non-prod)
[SRV] enqueue_broadcast called for: 000064b9
[SRV] enqueue_broadcast: sent to channel OK
[SRV-WORKER] Received ID to broadcast: 000064b9
[SRV] Broadcasting Inv batch of 1 ids
[SRV] 127.0.0.1:54160 <- Inv(1 ids)
[SRV] 127.0.0.1:54159 <- Inv(1 ids)
[config] ⚠ TLS files not found for mode Dev, check ignoré (non-prod)
[SRV] enqueue_broadcast called for: 0000ab06
[SRV] enqueue_broadcast: sent to channel OK
[SRV] 127.0.0.1:40002 -> GetBlocks(1 ids)
[SRV] Sending 1 blocks to 127.0.0.1:40002
[SRV] 127.0.0.1:40001 -> GetBlocks(1 ids)
[SRV] Sending 1 blocks to 127.0.0.1:40001
[SRV-WORKER] Received ID to broadcast: 0000ab06
[config] ⚠ TLS files not found for mode Dev, check ignoré (non-prod)
[2m2026-01-02T16:23:36.656118Z[0m [32m INFO[0m [2mpms_server::server[0m[2m:[0m Block persisted [3mtarget[0m[2m=[0m"pms_bench" [3mevent[0m[2m=[0m"block_validated" [3mblock_id[0m[2m=[0m000064b969a3130813f4bd8b3257029adb4ce641a45e526f3f0cab743abc1273 [3mpersist_ms[0m[2m=[0m1
[config] ⚠ TLS files not found for mode Dev, check ignoré (non-prod)
[2m2026-01-02T16:23:36.657443Z[0m [32m INFO[0m [2mpms_server::server[0m[2m:[0m Block persisted [3mtarget[0m[2m=[0m"pms_bench" [3mevent[0m[2m=[0m"block_validated" [3mblock_id[0m[2m=[0m000064b969a3130813f4bd8b3257029adb4ce641a45e526f3f0cab743abc1273 [3mpersist_ms[0m[2m=[0m1
[SRV] 127.0.0.1:54161 <- Inv(1 ids)
[SRV] 127.0.0.1:40001 <- Inv(1 ids)
[SRV] 127.0.0.1:54162 <- Inv(1 ids)
[SRV] 127.0.0.1:40002 <- Inv(1 ids)
[SRV] Broadcasting Inv batch of 1 ids
[config] ⚠ TLS files not found for mode Dev, check ignoré (non-prod)
[SRV] enqueue_broadcast called for: 0000d02c
[SRV] enqueue_broadcast: sent to channel OK
[SRV] 127.0.0.1:54160 <- Inv(1 ids)
[SRV] Requesting 0000ab067e7264dfcde18b7d7a8470304d85fe266586ece5272fc4e046bc1b92 from 127.0.0.1:54160
[SRV] 127.0.0.1:54159 <- Inv(1 ids)
[SRV] Requesting 0000ab067e7264dfcde18b7d7a8470304d85fe266586ece5272fc4e046bc1b92 from 127.0.0.1:54159
[SRV-WORKER] Received ID to broadcast: 0000d02c
✅ Distribution complete. Waiting 5s for sync...
[config] ⚠ TLS files not found for mode Dev, check ignoré (non-prod)
[2m2026-01-02T16:23:38.866854Z[0m [32m INFO[0m [2mpms_server::server[0m[2m:[0m Block persisted [3mtarget[0m[2m=[0m"pms_bench" [3mevent[0m[2m=[0m"block_validated" [3mblock_id[0m[2m=[0m0000ab067e7264dfcde18b7d7a8470304d85fe266586ece5272fc4e046bc1b92 [3mpersist_ms[0m[2m=[0m1
[config] ⚠ TLS files not found for mode Dev, check ignoré (non-prod)
[2m2026-01-02T16:23:38.868443Z[0m [32m INFO[0m [2mpms_server::server[0m[2m:[0m Block persisted [3mtarget[0m[2m=[0m"pms_bench" [3mevent[0m[2m=[0m"block_validated" [3mblock_id[0m[2m=[0m0000ab067e7264dfcde18b7d7a8470304d85fe266586ece5272fc4e046bc1b92 [3mpersist_ms[0m[2m=[0m1
[SRV] 127.0.0.1:40002 -> GetBlocks(1 ids)
[SRV] Sending 1 blocks to 127.0.0.1:40002
[SRV] 127.0.0.1:40001 -> GetBlocks(1 ids)
[SRV] Sending 1 blocks to 127.0.0.1:40001
[SRV] Broadcasting Inv batch of 1 ids
[SRV] 127.0.0.1:40002 <- Inv(1 ids)
[SRV] 127.0.0.1:54162 <- Inv(1 ids)
[SRV] 127.0.0.1:40001 <- Inv(1 ids)
[SRV] 127.0.0.1:54161 <- Inv(1 ids)
[config] ⚠ TLS files not found for mode Dev, check ignoré (non-prod)
[2m2026-01-02T16:23:38.870183Z[0m [32m INFO[0m [2mpms_server::server[0m[2m:[0m Block persisted [3mtarget[0m[2m=[0m"pms_bench" [3mevent[0m[2m=[0m"block_validated" [3mblock_id[0m[2m=[0m0000d02ce1f21655ad42aaaebd23b6a2c9573e1d9d93e7742b1e0fc8d9cde91c [3mpersist_ms[0m[2m=[0m1
[SRV] 127.0.0.1:54160 <- Inv(1 ids)
[config] ⚠ TLS files not found for mode Dev, check ignoré (non-prod)
[2m2026-01-02T16:23:38.871642Z[0m [32m INFO[0m [2mpms_server::server[0m[2m:[0m Block persisted [3mtarget[0m[2m=[0m"pms_bench" [3mevent[0m[2m=[0m"block_validated" [3mblock_id[0m[2m=[0m0000d02ce1f21655ad42aaaebd23b6a2c9573e1d9d93e7742b1e0fc8d9cde91c [3mpersist_ms[0m[2m=[0m1
[SRV] 127.0.0.1:54159 <- Inv(1 ids)
[SRV] 127.0.0.1:40002 <- Inv(1 ids)
[SRV] 127.0.0.1:54162 <- Inv(1 ids)
[SRV] 127.0.0.1:40001 <- Inv(1 ids)
[SRV] 127.0.0.1:54161 <- Inv(1 ids)
[2m2026-01-02T16:23:40.873362Z[0m [32m INFO[0m [2mpms_server::server[0m[2m:[0m 📊 200ms: persist ok=0 dup=0 err=0 | gossip ok=0 reject=0 err=0 [3mtarget[0m[2m=[0m"pms_stats" [3mptr[0m[2m=[0m0x122b07700
[2m2026-01-02T16:23:41.075082Z[0m [32m INFO[0m [2mpms_server::server[0m[2m:[0m 📊 200ms: persist ok=0 dup=0 err=0 | gossip ok=0 reject=0 err=0 [3mtarget[0m[2m=[0m"pms_stats" [3mptr[0m[2m=[0m0x153a0c290
[2m2026-01-02T16:23:41.276259Z[0m [32m INFO[0m [2mpms_server::server[0m[2m:[0m 📊 200ms: persist ok=0 dup=0 err=0 | gossip ok=0 reject=0 err=0 [3mtarget[0m[2m=[0m"pms_stats" [3mptr[0m[2m=[0m0x153a0c290
[2m2026-01-02T16:23:41.679868Z[0m [32m INFO[0m [2mpms_server::server[0m[2m:[0m 📊 200ms: persist ok=0 dup=0 err=0 | gossip ok=0 reject=0 err=0 [3mtarget[0m[2m=[0m"pms_stats" [3mptr[0m[2m=[0m0x122b07700
[2m2026-01-02T16:23:41.881713Z[0m [32m INFO[0m [2mpms_server::server[0m[2m:[0m 📊 200ms: persist ok=4 dup=0 err=0 | gossip ok=0 reject=0 err=0 [3mtarget[0m[2m=[0m"pms_stats" [3mptr[0m[2m=[0m0x151e53e00
[2m2026-01-02T16:23:42.284653Z[0m [32m INFO[0m [2mpms_server::server[0m[2m:[0m 📊 200ms: persist ok=0 dup=0 err=0 | gossip ok=0 reject=0 err=0 [3mtarget[0m[2m=[0m"pms_stats" [3mptr[0m[2m=[0m0x122b07700
[2m2026-01-02T16:23:42.688194Z[0m [32m INFO[0m [2mpms_server::server[0m[2m:[0m 📊 200ms: persist ok=0 dup=0 err=0 | gossip ok=0 reject=0 err=0 [3mtarget[0m[2m=[0m"pms_stats" [3mptr[0m[2m=[0m0x153a0c290
[2m2026-01-02T16:23:42.889672Z[0m [32m INFO[0m [2mpms_server::server[0m[2m:[0m 📊 200ms: persist ok=0 dup=0 err=0 | gossip ok=0 reject=0 err=0 [3mtarget[0m[2m=[0m"pms_stats" [3mptr[0m[2m=[0m0x122b07700
[2m2026-01-02T16:23:43.493830Z[0m [32m INFO[0m [2mpms_server::server[0m[2m:[0m 📊 200ms: persist ok=0 dup=0 err=0 | gossip ok=0 reject=0 err=0 [3mtarget[0m[2m=[0m"pms_stats" [3mptr[0m[2m=[0m0x122b07700
[config] ⚠ TLS files not found for mode Dev, check ignoré (non-prod)
Alice Balance on Node 1: 5000.0
[config] ⚠ TLS files not found for mode Dev, check ignoré (non-prod)
Bob Balance on Node 2: 5000.0
[config] ⚠ TLS files not found for mode Dev, check ignoré (non-prod)
Carol Balance on Node 3: 5000.0

🔥 [Stress] Starting 1000 Tx Traffic (333 per node)...
⚠️ WARNING: send_tx called with utxo_index=2! txid=000064b969a3130813f4bd8b3257029adb4ce641a45e526f3f0cab743abc1273
⚠️ WARNING: send_tx called with utxo_index=2! txid=0000ab067e7264dfcde18b7d7a8470304d85fe266586ece5272fc4e046bc1b92
⚠️ WARNING: send_tx called with utxo_index=2! txid=0000d02ce1f21655ad42aaaebd23b6a2c9573e1d9d93e7742b1e0fc8d9cde91c
[config] ⚠ TLS files not found for mode Dev, check ignoré (non-prod)
[2m2026-01-02T16:23:46.650013Z[0m [33m WARN[0m [2mpms_core::validations::transactions[0m[2m:[0m Input missing: OutputId { txid: "000064b969a3130813f4bd8b3257029adb4ce641a45e526f3f0cab743abc1273", index: 2 }
[2m2026-01-02T16:23:46.650034Z[0m [33m WARN[0m [2mpms_server::api_fn::blocks[0m[2m:[0m ❌ Block Rejected: utxo validation failed: input missing in block
[config] ⚠ TLS files not found for mode Dev, check ignoré (non-prod)
[2m2026-01-02T16:23:46.652436Z[0m [33m WARN[0m [2mpms_core::validations::transactions[0m[2m:[0m Input missing: OutputId { txid: "0000ab067e7264dfcde18b7d7a8470304d85fe266586ece5272fc4e046bc1b92", index: 2 }
[2m2026-01-02T16:23:46.652447Z[0m [33m WARN[0m [2mpms_server::api_fn::blocks[0m[2m:[0m ❌ Block Rejected: utxo validation failed: input missing in block
[2m2026-01-02T16:23:46.652849Z[0m [32m INFO[0m [2mpms_server::server[0m[2m:[0m 📊 200ms: persist ok=0 dup=0 err=0 | gossip ok=0 reject=0 err=0 [3mtarget[0m[2m=[0m"pms_stats" [3mptr[0m[2m=[0m0x122b07700
[config] ⚠ TLS files not found for mode Dev, check ignoré (non-prod)
[2m2026-01-02T16:23:46.655451Z[0m [33m WARN[0m [2mpms_core::validations::transactions[0m[2m:[0m Input missing: OutputId { txid: "0000d02ce1f21655ad42aaaebd23b6a2c9573e1d9d93e7742b1e0fc8d9cde91c", index: 2 }
[2m2026-01-02T16:23:46.655461Z[0m [33m WARN[0m [2mpms_server::api_fn::blocks[0m[2m:[0m ❌ Block Rejected: utxo validation failed: input missing in block
❌ Send Tx Failed: 400 Bad Request - 

thread 'local_stress_test' (501370) panicked at crates/pms-server/tests/local_stress.rs:547:9:
Submit failed: 
note: run with `RUST_BACKTRACE=1` environment variable to display a backtrace
❌ Send Tx Failed: 400 Bad Request - 

thread 'local_stress_test' (501370) panicked at crates/pms-server/tests/local_stress.rs:547:9:
Submit failed: 
Error: task 51 panicked with message "Submit failed: "
test local_stress_test ... FAILED

failures:

failures:
    local_stress_test

test result: FAILED. 0 passed; 1 failed; 0 ignored; 0 measured; 0 filtered out; finished in 20.43s

error: test failed, to rerun pass `-p pms-server --test local_stress`
